------------------------------------------------------------
[1mRunning tests...[0m
------------------------------------------------------------
[1mTest results:[0m
  [38;5;1m‚ùå  root_failed: WrongOutput Fails while it should pass[0m
  [38;5;3m‚ö†Ô∏è  depends_failed: [0mTest rely on test root_failed, which failed
------------------------------------------------------------
[1mSummary:[0m
  ‚ùå  (Failure): 1 / 2
  ‚ö†Ô∏è   (Errors): 1 / 2
