------------------------------------------------------------
[1mRunning tests...[0m
------------------------------------------------------------
[1mTest results:[0m
  âœ…  two
------------------------------------------------------------
[1mSummary:[0m
  âœ…  (Success): 1 / 1
