------------------------------------------------------------
Running tests...
------------------------------------------------------------
Test results:
  two: ✅
------------------------------------------------------------
Summary:
  ✅ (Success): 1 / 1
