------------------------------------------------------------
[1mRunning tests...[0m
------------------------------------------------------------
[1mTest results:[0m
------------------------------------------------------------
[1mSummary:[0m
  No test
