Unknown option: --oops

Usage: replica COMMAND [COMMAND_OPTIONS]

Integration testing for command line interfaces

Commands:
  run   Run tests from a Replica JSON file
  info  Display information about test suites

Run 'replica help COMMAND' for more information on a command.
